// Jest Snapshot v1, https://goo.gl/fbAQLP

exports[`Test:Avatar render correctly 1`] = `
<View>
  <View
    animatedStyle={
      Object {
        "value": Object {
          "opacity": 0,
        },
      }
    }
    collapsable={false}
    style={
      Object {
        "opacity": 0,
      }
    }
  >
    <Image
      onLoad={[Function]}
      resizeMode="cover"
      source={
        Object {
          "uri": "https://avatars.githubusercontent.com/u/16695567?s=400&u=fd8d6249fa408e1e606015a06868a99993171938&v=4",
        }
      }
      style={
        Object {
          "borderRadius": 30,
          "height": 60,
          "width": 60,
        }
      }
    />
  </View>
  <View
    animatedStyle={
      Object {
        "value": Object {
          "opacity": 1,
        },
      }
    }
    collapsable={false}
    style={
      Object {
        "alignItems": "center",
        "backgroundColor": "#eee",
        "borderRadius": 30,
        "bottom": 0,
        "height": 60,
        "justifyContent": "center",
        "left": 0,
        "opacity": 1,
        "position": "absolute",
        "right": 0,
        "top": 0,
        "width": 60,
      }
    }
  >
    <Text>
      加载中
    </Text>
  </View>
</View>
`;
